// Jest Snapshot v1, https://goo.gl/fbAQLP

exports[`it renders correctly should match a tab snapshot 1`] = `
<View
  style={
    Array [
      Object {
        "flex": 1,
      },
      Object {
        "width": 750,
      },
    ]
  }
/>
`;
